       01  MAPA01I.
           02  FILLER PIC X(12).
           02  IDL    COMP  PIC  S9(4).
           02  IDF    PICTURE X.
           02  FILLER REDEFINES IDF.
             03 IDA    PICTURE X.
           02  IDI  PIC X(5).
           02  NOMEL    COMP  PIC  S9(4).
           02  NOMEF    PICTURE X.
           02  FILLER REDEFINES NOMEF.
             03 NOMEA    PICTURE X.
           02  NOMEI  PIC X(30).
           02  SETORL    COMP  PIC  S9(4).
           02  SETORF    PICTURE X.
           02  FILLER REDEFINES SETORF.
             03 SETORA    PICTURE X.
           02  SETORI  PIC X(4).
           02  SALARIOL    COMP  PIC  S9(4).
           02  SALARIOF    PICTURE X.
           02  FILLER REDEFINES SALARIOF.
             03 SALARIOA    PICTURE X.
           02  SALARIOI  PIC X(10).
           02  DATADIAL    COMP  PIC  S9(4).
           02  DATADIAF    PICTURE X.
           02  FILLER REDEFINES DATADIAF.
             03 DATADIAA    PICTURE X.
           02  DATADIAI  PIC X(2).
           02  DATAMESL    COMP  PIC  S9(4).
           02  DATAMESF    PICTURE X.
           02  FILLER REDEFINES DATAMESF.
             03 DATAMESA    PICTURE X.
           02  DATAMESI  PIC X(2).
           02  DATAANOL    COMP  PIC  S9(4).
           02  DATAANOF    PICTURE X.
           02  FILLER REDEFINES DATAANOF.
             03 DATAANOA    PICTURE X.
           02  DATAANOI  PIC X(4).
           02  EMAILL    COMP  PIC  S9(4).
           02  EMAILF    PICTURE X.
           02  FILLER REDEFINES EMAILF.
             03 EMAILA    PICTURE X.
           02  EMAILI  PIC X(40).
           02  MSGL    COMP  PIC  S9(4).
           02  MSGF    PICTURE X.
           02  FILLER REDEFINES MSGF.
             03 MSGA    PICTURE X.
           02  MSGI  PIC X(40).
       01  MAPA01O REDEFINES MAPA01I.
           02  FILLER PIC X(12).
           02  FILLER PICTURE X(3).
           02  IDO  PIC X(5).
           02  FILLER PICTURE X(3).
           02  NOMEO  PIC X(30).
           02  FILLER PICTURE X(3).
           02  SETORO  PIC X(4).
           02  FILLER PICTURE X(3).
           02  SALARIOO PIC 9(08)V99.
           02  FILLER PICTURE X(3).
           02  DATADIAO  PIC X(2).
           02  FILLER PICTURE X(3).
           02  DATAMESO  PIC X(2).
           02  FILLER PICTURE X(3).
           02  DATAANOO  PIC X(4).
           02  FILLER PICTURE X(3).
           02  EMAILO  PIC X(40).
           02  FILLER PICTURE X(3).
           02  MSGO  PIC X(40).
